// Jest Snapshot v1, https://goo.gl/fbAQLP

exports[`renders default Global 1`] = `null`;
