// Jest Snapshot v1, https://goo.gl/fbAQLP

exports[`renders default Markdown 1`] = `null`;
