// Jest Snapshot v1, https://goo.gl/fbAQLP

exports[`renders checkbox 1`] = `
ShallowWrapper {
  Symbol(enzyme.__root__): [Circular],
  Symbol(enzyme.__unrendered__): <ForwardRef
    checked={true}
    onClick={[MockFunction]}
  />,
  Symbol(enzyme.__renderer__): Object {
    "batchedUpdates": [Function],
    "checkPropTypes": [Function],
    "getNode": [Function],
    "render": [Function],
    "simulateError": [Function],
    "simulateEvent": [Function],
    "unmount": [Function],
  },
  Symbol(enzyme.__node__): Object {
    "instance": null,
    "key": undefined,
    "nodeType": "class",
    "props": Object {
      "checked": true,
      "forwardedComponent": Object {
        "$$typeof": Symbol(react.forward_ref),
        "attrs": Array [],
        "componentStyle": ComponentStyle {
          "componentId": "sc-bwzfXH",
          "isStatic": false,
          "rules": Array [
            "
  width: 20px;
  height: 20px;
  cursor: pointer;
  background: ",
            [Function],
            ";
  color: black;
  -webkit-appearance: none;
  -moz-appearance: none;
  appearance: none;
  border: none;
  position: relative;
  left: -5px;
  top: -5px;

  :focus {
    outline:0;
  }
",
          ],
        },
        "displayName": "Styled(PlainCheckbox)",
        "foldedComponentIds": Array [],
        "render": [Function],
        "styledComponentId": "sc-bwzfXH",
        "target": [Function],
        "toString": [Function],
        "warnTooManyClasses": [Function],
        "withComponent": [Function],
        Symbol(Symbol.hasInstance): [Function],
      },
      "forwardedRef": null,
      "onClick": [MockFunction],
    },
    "ref": null,
    "rendered": null,
    "type": [Function],
  },
  Symbol(enzyme.__nodes__): Array [
    Object {
      "instance": null,
      "key": undefined,
      "nodeType": "class",
      "props": Object {
        "checked": true,
        "forwardedComponent": Object {
          "$$typeof": Symbol(react.forward_ref),
          "attrs": Array [],
          "componentStyle": ComponentStyle {
            "componentId": "sc-bwzfXH",
            "isStatic": false,
            "rules": Array [
              "
  width: 20px;
  height: 20px;
  cursor: pointer;
  background: ",
              [Function],
              ";
  color: black;
  -webkit-appearance: none;
  -moz-appearance: none;
  appearance: none;
  border: none;
  position: relative;
  left: -5px;
  top: -5px;

  :focus {
    outline:0;
  }
",
            ],
          },
          "displayName": "Styled(PlainCheckbox)",
          "foldedComponentIds": Array [],
          "render": [Function],
          "styledComponentId": "sc-bwzfXH",
          "target": [Function],
          "toString": [Function],
          "warnTooManyClasses": [Function],
          "withComponent": [Function],
          Symbol(Symbol.hasInstance): [Function],
        },
        "forwardedRef": null,
        "onClick": [MockFunction],
      },
      "ref": null,
      "rendered": null,
      "type": [Function],
    },
  ],
  Symbol(enzyme.__options__): Object {
    "adapter": ReactSixteenAdapter {
      "options": Object {
        "enableComponentDidUpdateOnSetState": true,
        "legacyContextMode": "parent",
        "lifecycles": Object {
          "componentDidUpdate": Object {
            "onSetState": true,
          },
          "getChildContext": Object {
            "calledByRenderer": false,
          },
          "getDerivedStateFromProps": true,
          "getSnapshotBeforeUpdate": true,
          "setState": Object {
            "skipsComponentDidUpdateOnNullish": true,
          },
        },
      },
    },
  },
}
`;
