// Jest Snapshot v1, https://goo.gl/fbAQLP

exports[`Storyshots atoms|Code block 1`] = `
.c0 {
  padding: 12px;
}

.c1 {
  margin: 1rem 0 !important;
}

.c1:first-child {
  margin-top: 0 !important;
}

.c1:last-child {
  margin-bottom: 0 !important;
}

.c1 {
  background-color: #eee !important;
  padding: 1.25em !important;
}

.c1,
.c1 code,
.c1 pre {
  font-family: 'Fira Mono',monospace !important;
}

<div
  className="c0"
>
  <pre
    className="c1"
    style={
      Object {
        "MozHyphens": "none",
        "MozTabSize": "4",
        "OTabSize": "4",
        "WebkitHyphens": "none",
        "backgroundColor": "#fdf6e3",
        "borderRadius": "0.3em",
        "color": "#657b83",
        "fontFamily": "Consolas, Monaco, 'Andale Mono', 'Ubuntu Mono', monospace",
        "hyphens": "none",
        "lineHeight": "1.5",
        "margin": ".5em 0",
        "msHyphens": "none",
        "overflow": "auto",
        "padding": "1em",
        "tabSize": "4",
        "textAlign": "left",
        "whiteSpace": "pre",
        "wordBreak": "normal",
        "wordSpacing": "normal",
        "wordWrap": "normal",
      }
    }
  >
    <code
      style={
        Object {
          "MozHyphens": "none",
          "MozTabSize": "4",
          "OTabSize": "4",
          "WebkitHyphens": "none",
          "color": "#657b83",
          "fontFamily": "Consolas, Monaco, 'Andale Mono', 'Ubuntu Mono', monospace",
          "hyphens": "none",
          "lineHeight": "1.5",
          "msHyphens": "none",
          "tabSize": "4",
          "textAlign": "left",
          "whiteSpace": "pre",
          "wordBreak": "normal",
          "wordSpacing": "normal",
          "wordWrap": "normal",
        }
      }
    >
      import { CodeBlock } from '@exivity/ui'

&lt;CodeBlock language='jsx'&gt;{this}&lt;/CodeBlock&gt;
    </code>
  </pre>
</div>
`;

exports[`Storyshots atoms|Code default 1`] = `
.c0 {
  padding: 12px;
}

.c2 {
  margin: 1rem 0 !important;
}

.c2:first-child {
  margin-top: 0 !important;
}

.c2:last-child {
  margin-bottom: 0 !important;
}

.c2 {
  background-color: #eee !important;
  padding: 0.3125em !important;
}

.c2,
.c2 code,
.c2 pre {
  font-family: 'Fira Mono',monospace !important;
}

.c1 {
  font-family: 'Fira Sans',sans-serif;
  font-weight: normal;
  font-size: 16px;
  color: #222;
  line-height: 1.5;
  margin: 1.25rem 0;
}

.c1:first-child {
  margin-top: 0;
}

.c1:last-child {
  margin-bottom: 0;
}

<div
  className="c0"
>
  <p
    className="c1"
  >
    This is some 
    <span
      className="c2"
      style={
        Object {
          "MozHyphens": "none",
          "MozTabSize": "4",
          "OTabSize": "4",
          "WebkitHyphens": "none",
          "backgroundColor": "#fdf6e3",
          "borderRadius": "0.3em",
          "color": "#657b83",
          "fontFamily": "Consolas, Monaco, 'Andale Mono', 'Ubuntu Mono', monospace",
          "hyphens": "none",
          "lineHeight": "1.5",
          "margin": ".5em 0",
          "msHyphens": "none",
          "overflow": "auto",
          "padding": "1em",
          "tabSize": "4",
          "textAlign": "left",
          "whiteSpace": "pre",
          "wordBreak": "normal",
          "wordSpacing": "normal",
          "wordWrap": "normal",
        }
      }
    >
      <code
        style={
          Object {
            "MozHyphens": "none",
            "MozTabSize": "4",
            "OTabSize": "4",
            "WebkitHyphens": "none",
            "color": "#657b83",
            "fontFamily": "Consolas, Monaco, 'Andale Mono', 'Ubuntu Mono', monospace",
            "hyphens": "none",
            "lineHeight": "1.5",
            "msHyphens": "none",
            "tabSize": "4",
            "textAlign": "left",
            "whiteSpace": "pre",
            "wordBreak": "normal",
            "wordSpacing": "normal",
            "wordWrap": "normal",
          }
        }
      >
        inline code
      </code>
    </span>
     right here.
  </p>
</div>
`;
