// Jest Snapshot v1, https://goo.gl/fbAQLP

exports[`Widget snapshot 1`] = `
ShallowWrapper {
  Symbol(enzyme.__root__): [Circular],
  Symbol(enzyme.__unrendered__): <ForwardRef
    subTitle="Widget subTitle"
    title="Widget title"
  >
    Widget
  </ForwardRef>,
  Symbol(enzyme.__renderer__): Object {
    "batchedUpdates": [Function],
    "checkPropTypes": [Function],
    "getNode": [Function],
    "render": [Function],
    "simulateError": [Function],
    "simulateEvent": [Function],
    "unmount": [Function],
  },
  Symbol(enzyme.__node__): Object {
    "instance": null,
    "key": undefined,
    "nodeType": "class",
    "props": Object {
      "children": "Widget",
      "forwardedComponent": Object {
        "$$typeof": Symbol(react.forward_ref),
        "attrs": Array [],
        "componentStyle": ComponentStyle {
          "componentId": "sc-htpNat",
          "isStatic": true,
          "rules": Array [
            "
  background: white;
  box-shadow: 2px 2px 0 lightblue;
  padding: 20px 20px 100px;
  position: relative;
  box-sizing: border-box;
  border-radius: 3px;
  width: 100%;
",
          ],
        },
        "displayName": "Styled(PlainWidget)",
        "foldedComponentIds": Array [],
        "render": [Function],
        "styledComponentId": "sc-htpNat",
        "target": [Function],
        "toString": [Function],
        "warnTooManyClasses": [Function],
        "withComponent": [Function],
        Symbol(Symbol.hasInstance): [Function],
      },
      "forwardedRef": null,
      "subTitle": "Widget subTitle",
      "title": "Widget title",
    },
    "ref": null,
    "rendered": "Widget",
    "type": [Function],
  },
  Symbol(enzyme.__nodes__): Array [
    Object {
      "instance": null,
      "key": undefined,
      "nodeType": "class",
      "props": Object {
        "children": "Widget",
        "forwardedComponent": Object {
          "$$typeof": Symbol(react.forward_ref),
          "attrs": Array [],
          "componentStyle": ComponentStyle {
            "componentId": "sc-htpNat",
            "isStatic": true,
            "rules": Array [
              "
  background: white;
  box-shadow: 2px 2px 0 lightblue;
  padding: 20px 20px 100px;
  position: relative;
  box-sizing: border-box;
  border-radius: 3px;
  width: 100%;
",
            ],
          },
          "displayName": "Styled(PlainWidget)",
          "foldedComponentIds": Array [],
          "render": [Function],
          "styledComponentId": "sc-htpNat",
          "target": [Function],
          "toString": [Function],
          "warnTooManyClasses": [Function],
          "withComponent": [Function],
          Symbol(Symbol.hasInstance): [Function],
        },
        "forwardedRef": null,
        "subTitle": "Widget subTitle",
        "title": "Widget title",
      },
      "ref": null,
      "rendered": "Widget",
      "type": [Function],
    },
  ],
  Symbol(enzyme.__options__): Object {
    "adapter": ReactSixteenAdapter {
      "options": Object {
        "enableComponentDidUpdateOnSetState": true,
        "legacyContextMode": "parent",
        "lifecycles": Object {
          "componentDidUpdate": Object {
            "onSetState": true,
          },
          "getChildContext": Object {
            "calledByRenderer": false,
          },
          "getDerivedStateFromProps": true,
          "getSnapshotBeforeUpdate": true,
          "setState": Object {
            "skipsComponentDidUpdateOnNullish": true,
          },
        },
      },
    },
  },
}
`;
