// Jest Snapshot v1, https://goo.gl/fbAQLP

exports[`renders Block without props 1`] = `
<div
  className=""
/>
`;
