// Jest Snapshot v1, https://goo.gl/fbAQLP

exports[`renders default Label 1`] = `
.c1 {
  margin: unset;
  padding: unset;
  border: unset;
  background: unset;
  font: unset;
  font-family: inherit;
  font-size: 100%;
  box-sizing: border-box;
  background-color: unset;
  color: inherit;
}

.c0 {
  display: inline-block;
}

<label
  className="c0 c1"
/>
`;
