// Jest Snapshot v1, https://goo.gl/fbAQLP

exports[`renders basic icon 1`] = `
.c0 {
  height: 1em;
  line-height: 1em;
  text-transform: none;
}

<span
  className="c0"
/>
`;
