// Jest Snapshot v1, https://goo.gl/fbAQLP

exports[`renders basic ThemeProvider 1`] = `null`;
