// Jest Snapshot v1, https://goo.gl/fbAQLP

exports[`renders default WrappedComponent 1`] = `null`;
