// Jest Snapshot v1, https://goo.gl/fbAQLP

exports[`renders default Navigation 1`] = `
.c0 {
  margin: unset;
  padding: unset;
  border: unset;
  background: unset;
  font: unset;
  font-family: inherit;
  font-size: 100%;
  box-sizing: border-box;
  background-color: unset;
  color: inherit;
}

<nav
  className="c0"
>
  <ul
    className="c0"
  />
</nav>
`;
