// Jest Snapshot v1, https://goo.gl/fbAQLP

exports[`renders Paragraph without props 1`] = `
.c0 {
  font-family: 'Fira Sans',sans-serif;
  font-weight: normal;
  font-size: 16px;
  color: #222;
  line-height: 1.5;
  color: green;
}

<div
  className="c0"
/>
`;
